
--- 2025-05-05T04:37:39.775Z debug
🪵  Writing logs to "/home/dora/.config/.wrangler/logs/wrangler-2025-05-05_04-37-38_613.log"
---

--- 2025-05-05T04:37:39.775Z debug
No experimental flag store instantiated
---

--- 2025-05-05T04:37:39.775Z debug
Attempted to use flag "RESOURCES_PROVISION" which has not been instantiated
---

--- 2025-05-05T04:37:39.778Z debug
.env file not found at ".dev.vars". Continuing... For more details, refer to https://developers.cloudflare.com/workers/wrangler/system-environment-variables/
---

--- 2025-05-05T04:37:39.895Z debug
No experimental flag store instantiated
---

--- 2025-05-05T04:37:39.895Z debug
Attempted to use flag "RESOURCES_PROVISION" which has not been instantiated
---

--- 2025-05-05T04:37:39.895Z debug
.env file not found at ".dev.vars". Continuing... For more details, refer to https://developers.cloudflare.com/workers/wrangler/system-environment-variables/
---
