
--- 2025-05-10T23:34:34.203Z debug
🪵  Writing logs to "/home/dora/.config/.wrangler/logs/wrangler-2025-05-10_23-34-33_189.log"
---

--- 2025-05-10T23:34:34.203Z debug
No experimental flag store instantiated
---

--- 2025-05-10T23:34:34.204Z debug
Attempted to use flag "RESOURCES_PROVISION" which has not been instantiated
---

--- 2025-05-10T23:34:34.206Z debug
.env file not found at ".dev.vars". Continuing... For more details, refer to https://developers.cloudflare.com/workers/wrangler/system-environment-variables/
---

--- 2025-05-10T23:34:34.215Z debug
No experimental flag store instantiated
---

--- 2025-05-10T23:34:34.215Z debug
Attempted to use flag "RESOURCES_PROVISION" which has not been instantiated
---

--- 2025-05-10T23:34:34.216Z debug
.env file not found at ".dev.vars". Continuing... For more details, refer to https://developers.cloudflare.com/workers/wrangler/system-environment-variables/
---
